{"severity":"INFO","path":"tests/test-data.txt","type":"obsolete","span":[26,29],"name":"nf-mdi-folder_multiple","codepoint":63314}
{"severity":"INFO","path":"tests/test-data.txt","type":"obsolete","span":[92,95],"name":"nf-mdi-file_document_box","codepoint":63257}
{"severity":"INFO","path":"tests/test-data.txt","type":"obsolete","span":[188,191],"name":"nf-mdi-file_document_box","codepoint":63257}
{"severity":"INFO","path":"tests/test-data.txt","type":"obsolete","span":[242,245],"name":"nf-mdi-git","codepoint":63393}
{"severity":"INFO","path":"tests/test-data.txt","type":"obsolete","span":[283,286],"name":"nf-mdi-tab","codepoint":63976}
{"severity":"INFO","path":"tests/test-data.txt","type":"obsolete","span":[335,338],"name":"nf-mdi-rhombus_outline","codepoint":64522}
{"severity":"INFO","path":"tests/test-data.txt","type":"obsolete","span":[401,404],"name":"nf-mdi-arrow_right_thick","codepoint":62804}
